// Jest Snapshot v1, https://goo.gl/fbAQLP

exports[`GifGrid test components Match component with snapshot 1`] = `
<Fragment>
  <h3
    className="animate__animated animate__fadeIn"
  >
    Vegeta
  </h3>
  <p
    className="animate__animated animate__flash"
  >
    'Cargando....'
  </p>
  <div
    className="card-grid"
  />
</Fragment>
`;
