// Jest Snapshot v1, https://goo.gl/fbAQLP

exports[`Pruebas en <GifGridItem debe de mostrar <GifGridItem/> correctamente 1`] = `
<div
  className="card animate__animated animate__fadeInLeftBig"
>
  <img
    alt="Add tittle"
    src="https://www.google.jpg"
  />
  <p>
    Add tittle
  </p>
</div>
`;
